{
  "id": null,
  "pipelineId": "nYTmfZAITqeRj67IUo7vxw",
  "createdAt": 1602836077877,
  "startedAt": 1602836077884,
  "endedAt": 1602885444650,
  "status": "FAILED",
  "cause": {
    "user": {
      "id": "lv0euRhKRCyiXWzS7pOg6g",
      "name": "Admin",
      "email": "admin@harness.io",
      "isEmailVerified": null,
      "isTwoFactorAuthenticationEnabled": null,
      "isUserLocked": null,
      "isPasswordExpired": null,
      "isImportedFromIdentityProvider": null,
      "externalUserId":null
    },
    "using": "WEB_UI"
  },
  "notes": null,
  "appId": "nCLN8c84SqWPr44sqg65JQ",
  "pipelineStageExecutions": [
    {
      "pipelineStageElementId": "KZPqXENuRbKqkuISe07JAQ",
      "pipelineStepName": "template-wf",
      "pipelineStageName": "STAGE 2",
      "workflowExecutionId": null,
      "runtimeInputVariables": [],
      "status": "PAUSED",
      "inputVariables": [
        {
          "name": "Environment",
          "value": "imRBOGz2ReyY89dr4K-vrQ"
        },
        {
          "name": "InfraDefinition_KUBERNETES",
          "value": "CzcfKUN2Q_eCrlrV66r4ug"
        },
        {
          "name": "message",
          "value": "${pipelineMessage}"
        },
        {
          "name": "buildNumber",
          "value": "${pipelineBuildNumber}"
        },
        {
          "name": "ServiceId",
          "value": "${pipelineService}"
        }
      ]
    },
    {
      "pipelineStageElementId": "QI17tOeqQA2okKqcIkPMjg",
      "pipelineStepName": "Approval 1",
      "pipelineStageName": "STAGE 2",
      "status": "QUEUED",
      "approvalStepType": "USER_GROUP"
    }
  ],
  "tags" : [
    {
      "name" : "mypipeline",
      "value" : "Pipeline - z8uZsbTwRr6s8VzJQJa8aQ"
    }
  ],
  "failureDetails":"failureDetails",
  "executionUrl":"PORTAL_URL/#/account/kmpySmUISimoRrJL6NL73w/app/nCLN8c84SqWPr44sqg65JQ/pipeline-execution/null/workflow-execution/undefined/details"
}